// Jest Snapshot v1, https://goo.gl/fbAQLP

exports[`Loading component snapshot 1`] = `
<div>
  <div
    class="loading"
  >
    <span
      class="loading__message"
    >
      Загрузка...
    </span>
  </div>
</div>
`;
